[backblue.gif]
[fade.gif]
[index.html]
[www.lib.ru.ac.th/images/libsupun.gif]
[www.lib.ru.ac.th/images/mdr2-s.jpg]
[www.lib.ru.ac.th/images/libname.gif]
[www.lib.ru.ac.th/knowledge/pcweb/assembly/chapter01_Intro_PC.pdf]
[www.lib.ru.ac.th/knowledge/pcweb/assembly/chapter02_SWOrganization.pdf]
[www.lib.ru.ac.th/knowledge/pcweb/assembly/chapter03_Coding.pdf]
[www.lib.ru.ac.th/knowledge/pcweb/assembly/chapter04_DebugProgram.pdf]
[www.lib.ru.ac.th/knowledge/pcweb/assembly/chapter05_Executing Assembly.PDF]
[www.lib.ru.ac.th/knowledge/pcweb/assembly/chapter06_Instructions.PDF]
[www.lib.ru.ac.th/knowledge/pcweb/assembly/chapter07_Strings.PDF]
[www.lib.ru.ac.th/knowledge/pcweb/assembly/chapter08_Logic_control.PDF]
[www.lib.ru.ac.th/knowledge/pcweb/assembly/chapter09_Keyboard_screen.PDF]
[www.lib.ru.ac.th/knowledge/pcweb/assembly/chapter10_macros.PDF]
[www.lib.ru.ac.th/knowledge/pcweb/assembly/chapter11_Link_to_sub.PDF]
[www.lib.ru.ac.th/images/bul2.gif]
[www.lib.ru.ac.th/download/MASM611d/BINS_DDK.EXE]
[www.lib.ru.ac.th/download/MASM611d/98SETUP.EXE]
[www.lib.ru.ac.th/download/MASM611d/lnk563.exe]
[www.lib.ru.ac.th/download/patch/Ml614.exe]
[www.lib.ru.ac.th/knowledge/pcweb/assembly.html]
[www.lib.ru.ac.th/style/46default.css]
[www.lib.ru.ac.th/style/46menu.js]
[www.lib.ru.ac.th/style/46foot.js]
