[backblue.gif]
[fade.gif]
[index.html]
[www.thaiall.com/assembly/index.html]
[www.thaiall.com/assembly/l.gif]
[www.thaiall.com/assembly/motherboard1.gif]
[www.thaiall.com/assembly/motherboard2.gif]
[www.thaiall.com/assembly/motherboard3.gif]
[www.thaiall.com/assembly/mainboard.gif]
[www.thaiall.com/assembly/computerstructure.gif]
[www.thaiall.com/assembly/ram7.jpg]
[www.thaiall.com/assembly/d.gif]
[www.thaiall.com/assembly/computer1_en50.zip]
[www.thaiall.com/assembly/computer80286.zip]
[www.thaiall.com/assembly/cpsc213_intro.ppt]
[www.thaiall.com/assembly/cpsc213_components.ppt]
[www.thaiall.com/assembly/cpsc213_os.ppt]
[www.thaiall.com/assembly/cpsc213_command.ppt]
[www.thaiall.com/assembly/cpsc213_number.ppt]
[www.thaiall.com/assembly/cpsc213_batch1.ppt]
[www.thaiall.com/assembly/cpsc213_batch2.ppt]
[www.thaiall.com/assembly/cpsc213_debug1.ppt]
[www.thaiall.com/assembly/cpsc213_debug2.ppt]
[www.thaiall.com/assembly/cpsc213_interrupt.ppt]
[www.thaiall.com/assembly/cpsc213_inkey.ppt]
[www.thaiall.com/assembly/cpsc213_gate.ppt]
[www.thaiall.com/assembly/cpsc213_segment.ppt]
[www.cpe.ku.ac.th/_fengtwr/472-204221/PPT/221-01-Intro.ppt]
[www.cpe.ku.ac.th/_fengtwr/472-204221/PPT/221-02-Architecture.ppt]
[www.cpe.ku.ac.th/_fengtwr/472-204221/PPT/221-03-Move.ppt]
[www.cpe.ku.ac.th/_fengtwr/472-204221/PPT/221-04-Flag.ppt]
[www.cpe.ku.ac.th/_fengtwr/472-204221/PPT/221-05-Jump.ppt]
[www.cpe.ku.ac.th/_fengtwr/472-204221/PPT/221-06-Program I.ppt]
[www.cpe.ku.ac.th/_fengtwr/472-204221/PPT/221-07-Program II.ppt]
[www.cpe.ku.ac.th/_fengtwr/472-204221/PPT/221-08-Decision Flow.ppt]
[www.cpe.ku.ac.th/_fengtwr/472-204221/PPT/221-09-Procedure.ppt]
[www.cpe.ku.ac.th/_fengtwr/472-204221/PPT/221-10-Addressing.ppt]
[www.cpe.ku.ac.th/_fengtwr/472-204221/PPT/221-11-Input Output.ppt]
[www.emu8086.com/files/emulator-demo.zip]
[www.thaiall.com/assembly/emu8086v258.exe]
[www.thaiall.com/assembly/indexl.htm]
[www.thaiall.com/assembly/ta1.gif]
[www.thaiall.com/assembly/ta2.gif]
[www.thaiall.com/assembly/processormodel.gif]
[www.thaiall.com/assembly/processormodelt.jpg]
[www.thaiall.com/assembly/mainboardt.jpg]
[course.yonok.ac.th/downloadx/masm611.zip]
[www.thaiall.com/assembly/install.jpg]
[www.thaiall.com/assembly/editplus.gif]
[www.thaiall.com/assembly/computersim.jpg]
[www.thaiall.com/assembly/emu8086.gif]
[www.thaiall.com/assembly/emu8086.jpg]
[www.thaiall.com/assembly/indexr.htm]
[www.thaiall.com/assembly/sylcs213.htm]
[www.thaiall.com/assembly/homework1.htm]
[www.thaiall.com/assembly/computer.jpg]
[www.thaiall.com/assembly/component.gif]
[www.thaiall.com/assembly/computer.htm]
[www.thaiall.com/assembly/ocomputer01.jpg]
[www.thaiall.com/assembly/ocomputer01t.jpg]
[www.thaiall.com/assembly/ocomputer02.jpg]
[www.thaiall.com/assembly/ocomputer02t.jpg]
[www.thaiall.com/assembly/ocomputer03.jpg]
[www.thaiall.com/assembly/ocomputer03t.jpg]
[www.thaiall.com/assembly/ocomputer04.jpg]
[www.thaiall.com/assembly/ocomputer04t.jpg]
[www.thaiall.com/assembly/ocomputer05.jpg]
[www.thaiall.com/assembly/ocomputer05t.jpg]
[www.thaiall.com/assembly/ocomputer06.jpg]
[www.thaiall.com/assembly/ocomputer06t.jpg]
[www.thaiall.com/assembly/ocomputer07.jpg]
[www.thaiall.com/assembly/ocomputer07t.jpg]
[www.thaiall.com/assembly/ocomputer.htm]
[www.thaiall.com/assembly/processor.htm]
[www.thaiall.com/assembly/internalcmd.htm]
[www.thaiall.com/assembly/batch.png]
[www.thaiall.com/assembly/batch.htm]
[www.thaiall.com/assembly/winhex.gif]
[www.thaiall.com/assembly/defragment.jpg]
[www.thaiall.com/vb/testpassword.exe]
[www.thaiall.com/assembly/testpassword.jpg]
[www.thaiall.com/assembly/testpassword.gif]
[www.thaiall.com/assembly/winhex.htm]
[www.thaiall.com/assembly/register8086.gif]
[www.thaiall.com/assembly/registerpentium.gif]
[www.thaiall.com/assembly/register.xls]
[www.thaiall.com/assembly/register.htm]
[www.cs.cmu.edu/_ralf/interrupt-list/inter61a.zip]
[www.cs.cmu.edu/_ralf/interrupt-list/inter61f.zip]
[www.cs.cmu.edu/_ralf/interrupt-list/inter61b.zip]
[www.cs.cmu.edu/_ralf/interrupt-list/inter61c.zip]
[www.cs.cmu.edu/_ralf/interrupt-list/inter61d.zip]
[www.cs.cmu.edu/_ralf/interrupt-list/inter61e.zip]
[www.cs.cmu.edu/_ralf/pub-files/dvint43.zip]
[www.thaiall.com/assembly/interrupt.htm]
[www.thaiall.com/assembly/debugcmd.htm]
[www.thaiall.com/assembly/andorrolror.htm]
[www.thaiall.com/assembly/ta3.gif]
[www.thaiall.com/assembly/gates.gif]
[www.thaiall.com/assembly/gateabc.xls]
[www.thaiall.com/assembly/gateabc.gif]
[www.thaiall.com/assembly/karnaugh.gif]
[www.thaiall.com/assembly/gate.htm]
[www.thaiall.com/assembly/asmcommand.htm]
[www.thaiall.com/assembly/debug.gif]
[www.thaiall.com/assembly/inkey.htm]
[www.thaiall.com/assembly/mpause.htm]
[www.thaiall.com/assembly/multicopy.htm]
[www.thaiall.com/assembly/segment.htm]
[www.thaiall.com/assembly/seqbasic.htm]
[www.thaiall.com/assembly/ifbasic.htm]
[www.thaiall.com/assembly/loopbasic.htm]
[www.thaiall.com/assembly/dotexe.htm]
[www.thaiall.com/assembly/macrobasic.htm]
[www.thaiall.com/assembly/computer01.gif]
[www.thaiall.com/assembly/computer01t.jpg]
[www.thaiall.com/assembly/computer02.gif]
[www.thaiall.com/assembly/computer02t.jpg]
[www.thaiall.com/assembly/computer03.gif]
[www.thaiall.com/assembly/computer03t.jpg]
[www.thaiall.com/assembly/computer04.gif]
[www.thaiall.com/assembly/computer04t.jpg]
[www.thaiall.com/assembly/computer05.gif]
[www.thaiall.com/assembly/computer05t.jpg]
[www.thaiall.com/assembly/computer06.gif]
[www.thaiall.com/assembly/computer06t.jpg]
[www.thaiall.com/assembly/computer07.gif]
[www.thaiall.com/assembly/computer07t.jpg]
[www.thaiall.com/assembly/computersim.htm]
[www.thaiall.com/assembly/sourcer.gif]
[www.thaiall.com/assembly/sourcer.htm]
[www.thaiall.com/assembly/xls2dbf3.html]
[www.thaiall.com/assembly/empday1.html]
[hits1.truehits.net/data/h0013199.js]
[hits1.truehits.net/data/c0001943.js]
[hits1.truehits.net/data/c0001941.js]
[hits1.truehits.net/data/h0013336.js]
[hits0.truehits.net/data/k0020653.js]
[www.thaiall.com/download/winhex-e.html]
[hits1.truehits.net/data/h0014200.js]
[hits1.truehits.net/data/i0015336.js]
[hits1.truehits.net/data/h0013970.js]
[www.thaiall.com/assembly/add_8bit.html]
[www.emu8086.com/files/emulator-demo.zip]
[www.thaiall.com/assembly/goggen.html]
[www.thaiall.com/assembly/stat9cf8.html]
[www.thaiall.com/assembly/stat062b.html]
[www.thaiall.com/assembly/statc8e5.html]
[www.thaiall.com/assembly/statb394.html]
[www.thaiall.com/assembly/statf97b.html]
[www.thaiall.com/assembly/statfe7c.html]
[www.thaiall.com/assembly/stat92a5.html]
[www.thaiall.com/assembly/stat821e.html]
[www.emu8086.com/files/emulator-demo.zip]
