[backblue.gif]
[fade.gif]
[index.html]
[www.cpe.ku.ac.th/_fengtwr/472-204221/syllabus-204221.doc]
[www.cpe.ku.ac.th/_fengtwr/472-204221/PPT/221-01-Intro.ppt]
[www.cpe.ku.ac.th/_fengtwr/472-204221/PPT/221-02-Architecture.ppt]
[www.cpe.ku.ac.th/_fengtwr/472-204221/PPT/221-03-Move.ppt]
[www.cpe.ku.ac.th/_fengtwr/472-204221/PPT/221-04-Flag.ppt]
[www.cpe.ku.ac.th/_fengtwr/472-204221/PPT/221-05-Jump.ppt]
[www.cpe.ku.ac.th/_fengtwr/472-204221/PPT/221-06-Program I.ppt]
[www.cpe.ku.ac.th/_fengtwr/472-204221/PPT/221-07-Program II.ppt]
[www.cpe.ku.ac.th/_fengtwr/472-204221/PPT/221-09-Procedure.ppt]
[www.cpe.ku.ac.th/_fengtwr/472-204221/PPT/221-10-Addressing.ppt]
[www.cpe.ku.ac.th/_fengtwr/472-204221/PPT/221-11-Input Output.ppt]
[www.cpe.ku.ac.th/_fengtwr/472-204221/Install/Emu8086v258.exe]
[www.cpe.ku.ac.th/_fengtwr/472-204221/Quiz/quiz 01.doc]
[www.cpe.ku.ac.th/_fengtwr/472-204221/Quiz/Solution - quiz 01.doc]
[www.cpe.ku.ac.th/_fengtwr/472-204221/Quiz/quiz 02.doc]
[www.cpe.ku.ac.th/_fengtwr/472-204221/Quiz/Solution - quiz 02.doc]
[www.cpe.ku.ac.th/_fengtwr/472-204221/Quiz/quiz 03.doc]
[www.cpe.ku.ac.th/_fengtwr/472-204221/Quiz/Solution - quiz 03.doc]
[www.cpe.ku.ac.th/_fengtwr/472-204221/Quiz/quiz 04.doc]
[www.cpe.ku.ac.th/_fengtwr/472-204221/Quiz/Solution - quiz 04.doc]
[www.cpe.ku.ac.th/_fengtwr/472-204221/Quiz/quiz 05.doc]
[www.cpe.ku.ac.th/_fengtwr/472-204221/Quiz/Solution - quiz 05.doc]
[www.cpe.ku.ac.th/_fengtwr/472-204221/Quiz/quiz 06.doc]
[www.cpe.ku.ac.th/_fengtwr/472-204221/Quiz/Solution - quiz 06.doc]
[www.cpe.ku.ac.th/_fengtwr/472-204221/Quiz/quiz 07.doc]
[www.cpe.ku.ac.th/_fengtwr/472-204221/Quiz/Solution - quiz 07.doc]
[www.cpe.ku.ac.th/_fengtwr/472-204221/Quiz/quiz 08.doc]
[www.cpe.ku.ac.th/_fengtwr/472-204221/Quiz/Solution - quiz 08.doc]
[www.cpe.ku.ac.th/_fengtwr/472-204221/Quiz/quiz 09.doc]
[www.cpe.ku.ac.th/_fengtwr/472-204221/Quiz/Solution - quiz 09.doc]
[www.cpe.ku.ac.th/_fengtwr/472-204221/Quiz/quiz 10.doc]
[www.cpe.ku.ac.th/_fengtwr/472-204221/Quiz/Solution - quiz 10.doc]
[www.cpe.ku.ac.th/_fengtwr/472-204221/Quiz/quiz 11.doc]
[www.cpe.ku.ac.th/_fengtwr/472-204221/Quiz/Solution - quiz 11.doc]
[www.cpe.ku.ac.th/_fengtwr/472-204221/Quiz/quiz 12.doc]
[www.cpe.ku.ac.th/_fengtwr/472-204221/Quiz/Solution - quiz 12.doc]
[www.cpe.ku.ac.th/_fengtwr/472-204221/Book/Book by  Aj Santhiti and Aj Jittat.zip]
[www.cpe.ku.ac.th/_fengtwr/472-204221/Book/Book by  Aj Surasak.zip]
[www.cpe.ku.ac.th/_fengtwr/472-204221/Book/Book by A_assembly.zip]
[www.cpe.ku.ac.th/_fengtwr/472-204221/Book/Book by Virus Alert.zip]
[www.cpe.ku.ac.th/_fengtwr/472-204221/Book/Book by Guild.zip]
[www.cpe.ku.ac.th/_fengtwr/472-204221/Book/Book by Last Group.zip]
[www.cpe.ku.ac.th/_fengtwr/472-204221/204221.html]
[www.cpe.ku.ac.th/_fengtwr/472-204221/Book/Book by  Aj Santhiti and Aj Jittat.html]
[www.cpe.ku.ac.th/_fengtwr/472-204221/Book/Book by  Aj Surasak.html]
[www.cpe.ku.ac.th/_fengtwr/472-204221/Book/Book by A_assembly.html]
[www.cpe.ku.ac.th/_fengtwr/472-204221/Book/Book by Virus Alert.html]
[www.cpe.ku.ac.th/_fengtwr/472-204221/Book/Book by Guild.html]
[www.cpe.ku.ac.th/_fengtwr/472-204221/Book/Book by Last Group.html]
[www.cpe.ku.ac.th/_fengtwr/472-204221/Score/midterm.html]
[www.cpe.ku.ac.th/_fengtwr/472-204221/Score/midterm_files/filelist.html]
