[backblue.gif]
[fade.gif]
[index.html]
[www.emu8086.com/banner_emu8086.gif]
[www.emu8086.com/dr/asm2html/assembler_source_code/zip/emu8086_tutorial_make_your_own_micro-os.zip]
[www.emu8086.com/dr/asm2html/assembler_source_code/img/sum_of_2_arrays.gif]
[www.emu8086.com/dr/asm2html/assembler_source_code/img/convert_string_number_to_binary.gif]
[www.emu8086.com/dr/asm2html/assembler_source_code/img/convert_string_to_packed_bcd.gif]
[www.emu8086.com/dr/asm2html/assembler_source_code/img/hello_world_assembler.gif]
[www.emu8086.com/dr/asm2html/assembler_source_code/index.html]
[www.emu8086.com/dr/asm2html/assembler_source_code/bin2dec.asm.html]
[www.emu8086.com/dr/asm2html/assembler_source_code/0_sample_add_huge_numbers.asm.html]
[www.emu8086.com/dr/asm2html/assembler_source_code/0_sample_vga_graphics.asm.html]
[www.emu8086.com/dr/asm2html/assembler_source_code/1_sample.asm.html]
[www.emu8086.com/dr/asm2html/assembler_source_code/2_sample.asm.html]
[www.emu8086.com/dr/asm2html/assembler_source_code/3_sample.asm.html]
[www.emu8086.com/dr/asm2html/assembler_source_code/4_sample.asm.html]
[www.emu8086.com/dr/asm2html/assembler_source_code/5_sample.asm.html]
[www.emu8086.com/dr/asm2html/assembler_source_code/add_two_arrays.asm.html]
[www.emu8086.com/dr/asm2html/assembler_source_code/attrib.asm.html]
[www.emu8086.com/dr/asm2html/assembler_source_code/bcd_aaa.asm.html]
[www.emu8086.com/dr/asm2html/assembler_source_code/bcd_aas.asm.html]
[www.emu8086.com/dr/asm2html/assembler_source_code/bintest.asm.html]
[www.emu8086.com/dr/asm2html/assembler_source_code/calc.asm.html]
[www.emu8086.com/dr/asm2html/assembler_source_code/Calculator.asm.html]
[www.emu8086.com/dr/asm2html/assembler_source_code/cmpsb.asm.html]
[www.emu8086.com/dr/asm2html/assembler_source_code/cmpsw.asm.html]
[www.emu8086.com/dr/asm2html/assembler_source_code/colors.asm.html]
[www.emu8086.com/dr/asm2html/assembler_source_code/convert_string_number_to_binary.asm.html]
[www.emu8086.com/dr/asm2html/assembler_source_code/convert_string_to_packed_bcd.asm.html]
[www.emu8086.com/dr/asm2html/assembler_source_code/convert_to_upper_case.asm.html]
[www.emu8086.com/dr/asm2html/assembler_source_code/count_chars.asm.html]
[www.emu8086.com/dr/asm2html/assembler_source_code/Count_Key_Presses.asm.html]
[www.emu8086.com/dr/asm2html/assembler_source_code/Custom_Interrupt.asm.html]
[www.emu8086.com/dr/asm2html/assembler_source_code/datefile.asm.html]
[www.emu8086.com/dr/asm2html/assembler_source_code/encrypt_subrotine.asm.html]
[www.emu8086.com/dr/asm2html/assembler_source_code/exetest.asm.html]
[www.emu8086.com/dr/asm2html/assembler_source_code/factorial.asm.html]
[www.emu8086.com/dr/asm2html/assembler_source_code/fahrenheit.asm.html]
[www.emu8086.com/dr/asm2html/assembler_source_code/far_call.asm.html]
[www.emu8086.com/dr/asm2html/assembler_source_code/far_call_advanced.asm.html]
[www.emu8086.com/dr/asm2html/assembler_source_code/far_call-2.asm.html]
[www.emu8086.com/dr/asm2html/assembler_source_code/file-operations.asm.html]
[www.emu8086.com/dr/asm2html/assembler_source_code/float.asm.html]
[www.emu8086.com/dr/asm2html/assembler_source_code/hello.asm.html]
[www.emu8086.com/dr/asm2html/assembler_source_code/HelloWorld.asm.html]
[www.emu8086.com/dr/asm2html/assembler_source_code/HexConvertor.asm.html]
[www.emu8086.com/dr/asm2html/assembler_source_code/include.asm.html]
[www.emu8086.com/dr/asm2html/assembler_source_code/int10_13.asm.html]
[www.emu8086.com/dr/asm2html/assembler_source_code/int21.asm.html]
[www.emu8086.com/dr/asm2html/assembler_source_code/keybrd.asm.html]
[www.emu8086.com/dr/asm2html/assembler_source_code/LED_display_test.asm.html]
[www.emu8086.com/dr/asm2html/assembler_source_code/loops.asm.html]
[www.emu8086.com/dr/asm2html/assembler_source_code/matrix.asm.html]
[www.emu8086.com/dr/asm2html/assembler_source_code/micro-os_kernel.asm.html]
[www.emu8086.com/dr/asm2html/assembler_source_code/micro-os_loader.asm.html]
[www.emu8086.com/dr/asm2html/assembler_source_code/mouse.asm.html]
[www.emu8086.com/dr/asm2html/assembler_source_code/mouse2.asm.html]
[www.emu8086.com/dr/asm2html/assembler_source_code/no-close.asm.html]
[www.emu8086.com/dr/asm2html/assembler_source_code/pages.asm.html]
[www.emu8086.com/dr/asm2html/assembler_source_code/palindrome.asm.html]
[www.emu8086.com/dr/asm2html/assembler_source_code/param.asm.html]
[www.emu8086.com/dr/asm2html/assembler_source_code/paramexe.asm.html]
[www.emu8086.com/dr/asm2html/assembler_source_code/pixel.asm.html]
[www.emu8086.com/dr/asm2html/assembler_source_code/print.asm.html]
[www.emu8086.com/dr/asm2html/assembler_source_code/print_al.asm.html]
[www.emu8086.com/dr/asm2html/assembler_source_code/print_char_by_char.asm.html]
[www.emu8086.com/dr/asm2html/assembler_source_code/print_hex_digit.asm.html]
[www.emu8086.com/dr/asm2html/assembler_source_code/PrinterDemo.asm.html]
[www.emu8086.com/dr/asm2html/assembler_source_code/reverse.asm.html]
[www.emu8086.com/dr/asm2html/assembler_source_code/robot.asm.html]
[www.emu8086.com/dr/asm2html/assembler_source_code/scasb.asm.html]
[www.emu8086.com/dr/asm2html/assembler_source_code/scasw.asm.html]
[www.emu8086.com/dr/asm2html/assembler_source_code/scroll.asm.html]
[www.emu8086.com/dr/asm2html/assembler_source_code/simple_io.asm.html]
[www.emu8086.com/dr/asm2html/assembler_source_code/simplest.asm.html]
[www.emu8086.com/dr/asm2html/assembler_source_code/snake.asm.html]
[www.emu8086.com/dr/asm2html/assembler_source_code/sort.asm.html]
[www.emu8086.com/dr/asm2html/assembler_source_code/stack.asm.html]
[www.emu8086.com/dr/asm2html/assembler_source_code/stepper_motor.asm.html]
[www.emu8086.com/dr/asm2html/assembler_source_code/string.asm.html]
[www.emu8086.com/dr/asm2html/assembler_source_code/thermometer.asm.html]
[www.emu8086.com/dr/asm2html/assembler_source_code/timer.asm.html]
[www.emu8086.com/dr/asm2html/assembler_source_code/ToBin.asm.html]
[www.emu8086.com/dr/asm2html/assembler_source_code/traffic_lights.asm.html]
[www.emu8086.com/dr/asm2html/assembler_source_code/traffic_lights2.asm.html]
[www.emu8086.com/dr/asm2html/assembler_source_code/writebin.asm.html]
[www.emu8086.com/dr/asm2html/assembler_source_code/emu8086.inc.html]
[www.emu8086.com/dr/asm2html/assembler_source_code/fasm_compatibility.asm.html]
[www.emu8086.com/dr/asm2html/assembler_source_code/index-2.html]
