[dit.dru.ac.th/task/assembly/Menu.html]
[backblue.gif]
[fade.gif]
[index.html]
[dit.dru.ac.th/task/assembly/logo1.gif]
[dit.dru.ac.th/task/assembly/logo.gif]
[dit.dru.ac.th/task/assembly/Computer.gif]
[dit.dru.ac.th/task/assembly/c3.gif]
[dit.dru.ac.th/task/assembly/Back.gif]
[dit.dru.ac.th/task/assembly/leftsmile.gif]
[dit.dru.ac.th/task/assembly/Language.html]
[dit.dru.ac.th/task/assembly/shlshr.html]
[dit.dru.ac.th/task/assembly/Debug.html]
[dit.dru.ac.th/task/assembly/mul.html]
[dit.dru.ac.th/task/assembly/address.html]
[dit.dru.ac.th/task/assembly/div.html]
[dit.dru.ac.th/task/assembly/ma.html]
[dit.dru.ac.th/task/assembly/and.html]
[dit.dru.ac.th/task/assembly/Interfacing.html]
[dit.dru.ac.th/task/assembly/xor.html]
[dit.dru.ac.th/task/assembly/diski_o.html]
[dit.dru.ac.th/task/assembly/or.html]
[dit.dru.ac.th/task/assembly/add.html]
[dit.dru.ac.th/task/assembly/chip.html]
[dit.dru.ac.th/task/assembly/suancontent.gif]
[dit.dru.ac.th/task/assembly/subsbb.html]
[dit.dru.ac.th/task/assembly/Sim.html]
[dit.dru.ac.th/task/assembly/c1.gif]
[dit.dru.ac.th/task/assembly/eemail.gif]
[dit.dru.ac.th/task/assembly/link1.gif]
[dit.dru.ac.th/task/assembly/cmri01.jpg]
[dit.dru.ac.th/task/assembly/Menu.html]
[dit.dru.ac.th/task/assembly/logo1.gif]
[dit.dru.ac.th/task/assembly/Computer.gif]
[dit.dru.ac.th/task/assembly/Main.html]
[dit.dru.ac.th/task/assembly/mainbackground.jpg]
[dit.dru.ac.th/task/assembly/Welcome.jpg]
[dit.dru.ac.th/task/assembly/Rosebul.gif]
[dit.dru.ac.th/task/assembly/Language.html]
[dit.dru.ac.th/task/assembly/bgstou.jpg]
[dit.dru.ac.th/task/assembly/bookworm.gif]
[dit.dru.ac.th/task/assembly/running.gif]
[dit.dru.ac.th/task/assembly/home2.gif]
[dit.dru.ac.th/task/assembly/line2.gif]
[dit.dru.ac.th/task/assembly/shlshr.html]
[dit.dru.ac.th/task/assembly/bg0004.gif]
[dit.dru.ac.th/task/assembly/all1.gif]
[dit.dru.ac.th/task/assembly/bullets.jpg]
[dit.dru.ac.th/task/assembly/flower.gif]
[dit.dru.ac.th/task/assembly/Debug.html]
[dit.dru.ac.th/task/assembly/sabuyline.jpg]
[dit.dru.ac.th/task/assembly/bg1.gif]
[dit.dru.ac.th/task/assembly/thailand.gif]
[dit.dru.ac.th/task/assembly/anbird1.gif]
[dit.dru.ac.th/task/assembly/post.gif]
[dit.dru.ac.th/task/assembly/mul.html]
[dit.dru.ac.th/task/assembly/bg0008.gif]
[dit.dru.ac.th/task/assembly/pic_ani.gif]
[dit.dru.ac.th/task/assembly/summer1.gif]
[dit.dru.ac.th/task/assembly/nc.gif]
[dit.dru.ac.th/task/assembly/bk1.gif]
[dit.dru.ac.th/task/assembly/r19.gif]
[dit.dru.ac.th/task/assembly/address.html]
[dit.dru.ac.th/task/assembly/Cotton.gif]
[dit.dru.ac.th/task/assembly/div.html]
[dit.dru.ac.th/task/assembly/Bk.gif]
[dit.dru.ac.th/task/assembly/ma.html]
[dit.dru.ac.th/task/assembly/p_guest.jpg]
[dit.dru.ac.th/task/assembly/And.jpg]
[dit.dru.ac.th/task/assembly/and.html]
[dit.dru.ac.th/task/assembly/Interfacing.html]
[dit.dru.ac.th/task/assembly/bg.gif]
[dit.dru.ac.th/task/assembly/xor.html]
[dit.dru.ac.th/task/assembly/bluebg.gif]
[dit.dru.ac.th/task/assembly/summer2.gif]
[dit.dru.ac.th/task/assembly/magiccp.gif]
[dit.dru.ac.th/task/assembly/diski_o.html]
[dit.dru.ac.th/task/assembly/back45.gif]
[dit.dru.ac.th/task/assembly/up2.gif]
[dit.dru.ac.th/task/assembly/or.html]
[dit.dru.ac.th/task/assembly/putertop.gif]
[dit.dru.ac.th/task/assembly/pop.gif]
[dit.dru.ac.th/task/assembly/add.html]
[dit.dru.ac.th/task/assembly/Chiph1.jpg]
[dit.dru.ac.th/task/assembly/chip.html]
[dit.dru.ac.th/task/assembly/bg70.jpg]
[dit.dru.ac.th/task/assembly/stu43.jpg]
[dit.dru.ac.th/task/assembly/subsbb.html]
[dit.dru.ac.th/task/assembly/Sim.html]
[dit.dru.ac.th/task/assembly/eemail.gif]
[dit.dru.ac.th/task/Picture/fpic5.html]
