[backblue.gif]
[fade.gif]
[index.html]
[www.emu8086.com/assembly_language_tutorial_assembler_reference/index.html]
[www.emu8086.com/assembly_language_tutorial_assembler_reference/style1.css]
[pagead2.googlesyndication.com/pagead/show_ads.js]
[www.emu8086.com/files/emulator-demo.zip]
[www.emu8086.com/assembly_language_tutorial_assembler_reference/z_top_menu.html]
[www.emu8086.com/assembly_language_tutorial_assembler_reference/start.html]
[www.emu8086.com/assembly_language_tutorial_assembler_reference/tutorials.html]
[www.emu8086.com/assembly_language_tutorial_assembler_reference/num1.gif]
[www.emu8086.com/assembly_language_tutorial_assembler_reference/num2.gif]
[www.emu8086.com/assembly_language_tutorial_assembler_reference/num3.gif]
[www.emu8086.com/assembly_language_tutorial_assembler_reference/num4.gif]
[www.emu8086.com/assembly_language_tutorial_assembler_reference/num5.gif]
[www.emu8086.com/assembly_language_tutorial_assembler_reference/num7.gif]
[www.emu8086.com/assembly_language_tutorial_assembler_reference/num6.gif]
[www.emu8086.com/assembly_language_tutorial_assembler_reference/num8.gif]
[www.emu8086.com/assembly_language_tutorial_assembler_reference/num9.gif]
[www.emu8086.com/assembly_language_tutorial_assembler_reference/num10.gif]
[www.emu8086.com/assembly_language_tutorial_assembler_reference/num11.gif]
[www.emu8086.com/assembly_language_tutorial_assembler_reference/num12.gif]
[www.emu8086.com/assembly_language_tutorial_assembler_reference/numbering_systems_tutorial.html]
[www.emu8086.com/assembly_language_tutorial_assembler_reference/model.gif]
[www.emu8086.com/assembly_language_tutorial_assembler_reference/cpu.gif]
[www.emu8086.com/assembly_language_tutorial_assembler_reference/effective_address.gif]
[www.emu8086.com/assembly_language_tutorial_assembler_reference/asm_tutorial_01.html]
[www.emu8086.com/assembly_language_tutorial_assembler_reference/img/addressing_mode.gif]
[www.emu8086.com/assembly_language_tutorial_assembler_reference/screen01.gif]
[www.emu8086.com/assembly_language_tutorial_assembler_reference/asm_tutorial_02.html]
[www.emu8086.com/assembly_language_tutorial_assembler_reference/tut3a.gif]
[www.emu8086.com/assembly_language_tutorial_assembler_reference/array.gif]
[www.emu8086.com/assembly_language_tutorial_assembler_reference/varview.gif]
[www.emu8086.com/assembly_language_tutorial_assembler_reference/asm_tutorial_03.html]
[www.emu8086.com/assembly_language_tutorial_assembler_reference/asm_tutorial_04.html]
[www.emu8086.com/assembly_language_tutorial_assembler_reference/asm_tutorial_05.html]
[www.emu8086.com/assembly_language_tutorial_assembler_reference/flags.gif]
[www.emu8086.com/assembly_language_tutorial_assembler_reference/asm_tutorial_06.html]
[www.emu8086.com/assembly_language_tutorial_assembler_reference/asm_tutorial_07.html]
[www.emu8086.com/assembly_language_tutorial_assembler_reference/asm_tutorial_08.html]
[www.emu8086.com/assembly_language_tutorial_assembler_reference/stack.gif]
[www.emu8086.com/assembly_language_tutorial_assembler_reference/asm_tutorial_09.html]
[www.emu8086.com/assembly_language_tutorial_assembler_reference/asm_tutorial_10.html]
[www.emu8086.com/assembly_language_tutorial_assembler_reference/write_bin.gif]
[www.emu8086.com/assembly_language_tutorial_assembler_reference/floppy.gif]
[www.emu8086.com/assembly_language_tutorial_assembler_reference/asm_tutorial_11.html]
[www.emu8086.com/assembly_language_tutorial_assembler_reference/traffic.gif]
[www.emu8086.com/assembly_language_tutorial_assembler_reference/stepper.gif]
[www.emu8086.com/assembly_language_tutorial_assembler_reference/robot.gif]
[www.emu8086.com/assembly_language_tutorial_assembler_reference/asm_tutorial_12.html]
[www.emu8086.com/assembly_language_tutorial_assembler_reference/reference.html]
[www.emu8086.com/assembly_language_tutorial_assembler_reference/editor.html]
[www.emu8086.com/assembly_language_tutorial_assembler_reference/compile01.gif]
[www.emu8086.com/assembly_language_tutorial_assembler_reference/compile03.gif]
[www.emu8086.com/assembly_language_tutorial_assembler_reference/compiler.html]
[www.emu8086.com/assembly_language_tutorial_assembler_reference/emulator01.gif]
[www.emu8086.com/assembly_language_tutorial_assembler_reference/emulator02.gif]
[www.emu8086.com/assembly_language_tutorial_assembler_reference/emulator03.gif]
[www.emu8086.com/assembly_language_tutorial_assembler_reference/emulator.html]
[www.emu8086.com/assembly_language_tutorial_assembler_reference/back_to_top.gif]
[www.emu8086.com/assembly_language_tutorial_assembler_reference/8086_instruction_set.html]
[www.emu8086.com/assembly_language_tutorial_assembler_reference/img/back_to_top.gif]
[www.emu8086.com/assembly_language_tutorial_assembler_reference/8086_bios_and_dos_interrupts.html]
[www.emu8086.com/assembly_language_tutorial_assembler_reference/memory.html]
[www.emu8086.com/assembly_language_tutorial_assembler_reference/custom_memory_map.html]
[www.emu8086.com/assembly_language_tutorial_assembler_reference/compatibility.html]
[www.emu8086.com/assembly_language_tutorial_assembler_reference/img/traffic.gif]
[www.emu8086.com/assembly_language_tutorial_assembler_reference/img/stepper.gif]
[www.emu8086.com/assembly_language_tutorial_assembler_reference/img/robot.gif]
[www.emu8086.com/assembly_language_tutorial_assembler_reference/io.html]
[www.emu8086.com/assembly_language_tutorial_assembler_reference/z_bot_menu.html]
[www.emu8086.com/assembly_language_tutorial_assembler_reference/asm_tutorial_end.html]
[www.emu8086.com/files/emulator-demo.zip]
[www.emu8086.com/files/emulator-demo.zip]
